$ tsx scripts/run-gates.ts doc-sync
run-gates: doc-sync running 43 gate(s) with 4 worker(s) from 16 available CPU(s), doc-sync cap 4.
run-gates: start doc-typecheck
run-gates: start documentation build
run-gates: start doc graphs
run-gates: start markdown links
run-gates: PASS markdown links (22.49s)
run-gates: start type equivalence
run-gates: PASS type equivalence (12.78s)
run-gates: start cordis catalog
run-gates: PASS doc graphs (36.87s)
run-gates: start Cordis inspect catalog
run-gates: PASS documentation build (37.96s)
run-gates: start workflow guest source
run-gates: PASS workflow guest source (0.74s)
run-gates: start verify-mermaid
run-gates: PASS Cordis inspect catalog (8.91s)
run-gates: start scoped events
run-gates: PASS verify-mermaid (12.26s)
run-gates: start translation pairing
run-gates: PASS cordis catalog (27.01s)
run-gates: start markdown wrap
run-gates: PASS scoped events (16.90s)
run-gates: start client catalog
run-gates: PASS client catalog (4.16s)
run-gates: start export jsdoc
run-gates: PASS export jsdoc (6.38s)
run-gates: start tool catalog
run-gates: PASS markdown wrap (11.16s)
run-gates: start config catalog

== FAILED config catalog (2.80s) ==
[ELIFECYCLE] Command failed with exit code 1.
command: pnpm run verify-config-catalog
outcome: exit 1
$ tsx scripts/gen-config-catalog.ts --check
gen-config-catalog: stale — docs/config-catalog.md, docs/config-catalog.zh.md. Run `pnpm run gen-config-catalog` and commit the result.
run-gates: start skill plugin package list
run-gates: PASS tool catalog (3.57s)
run-gates: start npm dependency catalog
run-gates: PASS npm dependency catalog (0.66s)
run-gates: start persistence catalog
run-gates: PASS skill plugin package list (1.72s)
run-gates: start persistence type history
run-gates: PASS doc-typecheck (78.99s)
run-gates: start released persistence history
run-gates: PASS released persistence history (2.36s)
run-gates: start Session format references
run-gates: PASS persistence type history (9.01s)
run-gates: start Session format catalog
run-gates: PASS Session format references (6.08s)
run-gates: start public repository links
run-gates: PASS Session format catalog (0.59s)
run-gates: start repository references
run-gates: PASS persistence catalog (12.16s)
run-gates: start concrete terms
run-gates: PASS translation pairing (39.63s)
run-gates: start doc refs
run-gates: PASS public repository links (3.45s)
run-gates: start subsystem pages
run-gates: PASS concrete terms (2.04s)
run-gates: start package paths
run-gates: PASS subsystem pages (0.86s)
run-gates: start tsconfig paths
run-gates: PASS doc refs (1.34s)
run-gates: start config source ownership
run-gates: PASS tsconfig paths (0.61s)
run-gates: start package README Summaries
run-gates: PASS config source ownership (0.58s)
run-gates: start package README model experience
run-gates: PASS package README Summaries (0.55s)
run-gates: start agent note classification
run-gates: PASS package paths (1.69s)
run-gates: start agent note format
run-gates: PASS agent note classification (0.61s)
run-gates: start archived agent notes
run-gates: PASS agent note format (0.66s)
run-gates: start skill invocation metadata
run-gates: PASS archived agent notes (0.80s)
run-gates: start translation prompt
run-gates: PASS skill invocation metadata (0.56s)
run-gates: start doc budgets
run-gates: PASS translation prompt (0.54s)
run-gates: start upgrade guides
run-gates: PASS doc budgets (0.53s)
run-gates: start documentation standard tests
run-gates: PASS upgrade guides (0.64s)
run-gates: start documentation site checks
run-gates: PASS documentation standard tests (2.34s)
run-gates: start package README limitations

== FAILED package README model experience (5.74s) ==
command: pnpm run verify-package-readme-model-experience
outcome: exit 1
$ tsx scripts/verify-package-readme-model-experience.ts
verify-package-readme-model-experience failed:
  packages\nidofy\working-notebook\README.md: line 53: content after #### KV Cache effect paragraph must be a titled H5 plus `markdown` fence owned by that field
[ELIFECYCLE] Command failed with exit code 1.
run-gates: PASS repository references (12.35s)
run-gates: PASS package README limitations (5.15s)
run-gates: PASS documentation site checks (8.74s)

run-gates: 41 passed, 2 failed, 0 skipped in 104.24s.
run-gates: unsuccessful gates:
  - FAILED config catalog (2.80s, exit 1)
    pnpm run verify-config-catalog
  - FAILED package README model experience (5.74s, exit 1)
    pnpm run verify-package-readme-model-experience
[ELIFECYCLE] Command failed with exit code 1.
