$ tsx scripts/run-gates.ts doc-sync
run-gates: doc-sync running 43 gate(s) with 4 worker(s) from 16 available CPU(s), doc-sync cap 4.
run-gates: start doc-typecheck
run-gates: start documentation build
run-gates: start doc graphs
run-gates: start markdown links
run-gates: PASS markdown links (25.17s)
run-gates: start type equivalence
run-gates: PASS type equivalence (14.86s)
run-gates: start cordis catalog
run-gates: PASS doc graphs (43.12s)
run-gates: start Cordis inspect catalog
run-gates: PASS doc-typecheck (45.76s)
run-gates: start workflow guest source
run-gates: PASS workflow guest source (0.85s)
run-gates: start verify-mermaid
run-gates: PASS documentation build (51.68s)
run-gates: start scoped events
run-gates: PASS Cordis inspect catalog (9.90s)
run-gates: start translation pairing
run-gates: PASS verify-mermaid (13.21s)
run-gates: start markdown wrap
run-gates: PASS cordis catalog (28.28s)
run-gates: start client catalog
run-gates: PASS scoped events (17.70s)
run-gates: start export jsdoc

== FAILED markdown wrap (11.17s) ==
command: pnpm run verify-md-wrap
outcome: exit 1
[ELIFECYCLE] Command failed with exit code 1.
$ tsx scripts/verify-md-wrap.ts
verify-md-wrap: hard-wrapped prose paragraphs found (write one physical line per paragraph):
  packages\client\ui-layout\README.md:107  **Runtime invariant:** No companion is published. The shell viewing-state store …
  packages\client\ui-layout\README.zh.md:107  **运行时不变式：** 不发布伴生入口。外壳中 `ctx.layout` 背后的浏览状态存储不发出 Cordis 事件；clamp 与轨道的时序由本包各栏与服务…
run-gates: start tool catalog

== FAILED client catalog (3.61s) ==
[ELIFECYCLE] Command failed with exit code 1.
command: pnpm run verify-client-catalog
outcome: exit 1
$ tsx scripts/gen-client-catalog.ts --check
D:\Documents\FeiyangChen\devApps\dshWinUi\electron\scripts\gen-client-catalog.ts:140
    throw new Error(`gen-client-catalog: ${String(problems.length)} contract violation(s):\n${problems.map(problem => `  ${problem}`).join('\n')}`)
          ^

Error: gen-client-catalog: 1 contract violation(s):
  slot 'nidofy.companion' (packages/nidofy/desktop-extras/src/client/Environment.tsx:21) has no JSDoc prose. Write it from the REGISTRANT's side: what to pass, what the component receives, whom a registration replaces, and what absence looks like (packages/client/ui-settings/src/client/contract/slots.ts is the template).
    at collectSlotEntries (D:\Documents\FeiyangChen\devApps\dshWinUi\electron\scripts\gen-client-catalog.ts:140:11)
    at main (D:\Documents\FeiyangChen\devApps\dshWinUi\electron\scripts\gen-client-catalog.ts:569:39)
    at <anonymous> (D:\Documents\FeiyangChen\devApps\dshWinUi\electron\scripts\gen-client-catalog.ts:593:3)
    at ModuleJob.run (node:internal/modules/esm/module_job:561:25)
    at async node:internal/modules/esm/loader:647:26
    at async asyncRunEntryPointWithESMLoader (node:internal/modules/run_main:101:5)

Node.js v24.21.0
run-gates: start config catalog
run-gates: PASS config catalog (2.37s)
run-gates: start skill plugin package list
run-gates: PASS skill plugin package list (1.87s)
run-gates: start npm dependency catalog
run-gates: PASS export jsdoc (6.83s)
run-gates: start persistence catalog
run-gates: PASS npm dependency catalog (0.65s)
run-gates: start persistence type history
run-gates: PASS tool catalog (8.62s)
run-gates: start released persistence history
run-gates: PASS released persistence history (2.42s)
run-gates: start Session format references
run-gates: PASS persistence type history (9.35s)
run-gates: start Session format catalog
run-gates: PASS Session format catalog (0.63s)
run-gates: start public repository links
run-gates: PASS Session format references (6.30s)
run-gates: start repository references
run-gates: PASS persistence catalog (12.65s)
run-gates: start concrete terms
run-gates: PASS public repository links (3.61s)
run-gates: start doc refs
run-gates: PASS concrete terms (2.06s)
run-gates: start subsystem pages
run-gates: PASS doc refs (1.38s)
run-gates: start package paths
run-gates: PASS subsystem pages (0.93s)
run-gates: start tsconfig paths
run-gates: PASS tsconfig paths (0.66s)
run-gates: start config source ownership
run-gates: PASS config source ownership (0.60s)
run-gates: start package README Summaries
run-gates: PASS package paths (1.77s)
run-gates: start package README model experience
run-gates: PASS package README Summaries (0.62s)
run-gates: start agent note classification

== FAILED translation pairing (41.06s) ==
[ELIFECYCLE] Command failed with exit code 1.
command: pnpm run verify-translation-pairing
outcome: exit 1
$ tsx scripts/verify-translation-pairing.ts
verify-translation-pairing: bilingual pairing rules violated (see docs/i18n/README.md):
  migration/m0/README.md: in-scope documentation must merge bilingual (docs/i18n/README.md); add the counterpart and record the pair
run-gates: start agent note format
run-gates: PASS agent note classification (0.66s)
run-gates: start archived agent notes
run-gates: PASS agent note format (0.71s)
run-gates: start skill invocation metadata
run-gates: PASS archived agent notes (0.92s)
run-gates: start translation prompt
run-gates: PASS skill invocation metadata (0.59s)
run-gates: start doc budgets
run-gates: PASS translation prompt (0.58s)
run-gates: start upgrade guides
run-gates: PASS doc budgets (0.59s)
run-gates: start documentation standard tests
run-gates: PASS upgrade guides (0.67s)
run-gates: start documentation site checks
run-gates: PASS documentation standard tests (2.49s)
run-gates: start package README limitations
run-gates: PASS package README model experience (5.59s)

== FAILED repository references (13.25s) ==
[ELIFECYCLE] Command failed with exit code 1.
command: pnpm run verify-repository-references
outcome: exit 1
$ tsx scripts/verify-repository-references.ts
verify-repository-references: use release tags or maintained repository links:
  migration/m0/couplings.json:3 commit-hash
  migration/m0/evidence/artifact.json:5 commit-hash
  migration/m0/evidence/patch-checks.json:5 commit-hash
  migration/m0/evidence/source-verification.json:3 commit-hash
  migration/m0/evidence/source-verification.json:5 commit-hash
  migration/m0/evidence/summary.json:6 commit-hash
  migration/m0/evidence/summary.json:7 commit-hash
  migration/m0/source-lock.json:6 commit-hash
  migration/m0/source-lock.json:13 commit-hash
  migration/m1/evidence/summary.json:8 commit-hash
  migration/m4-environment-details/build-candidate.ps1:12 commit-hash
  migration/m4-fixes/build-candidate.ps1:12 commit-hash
  migration/m4-layout-fixes/build-candidate.ps1:12 commit-hash
  migration/m4-pet-fixes/build-candidate.ps1:12 commit-hash
  migration/m4/origin.json:2 commit-hash
  migration/m4/origin.json:3 commit-hash
run-gates: PASS package README limitations (5.59s)
run-gates: PASS documentation site checks (9.24s)

run-gates: 39 passed, 4 failed, 0 skipped in 105.80s.
run-gates: unsuccessful gates:
  - FAILED translation pairing (41.06s, exit 1)
    pnpm run verify-translation-pairing
  - FAILED markdown wrap (11.17s, exit 1)
    pnpm run verify-md-wrap
  - FAILED client catalog (3.61s, exit 1)
    pnpm run verify-client-catalog
  - FAILED repository references (13.25s, exit 1)
    pnpm run verify-repository-references
[ELIFECYCLE] Command failed with exit code 1.
