$ tsx scripts/run-gates.ts doc-sync
run-gates: doc-sync running 43 gate(s) with 4 worker(s) from 16 available CPU(s), doc-sync cap 4.
run-gates: start doc-typecheck
run-gates: start documentation build
run-gates: start doc graphs
run-gates: start markdown links
run-gates: PASS markdown links (41.68s)
run-gates: start type equivalence
run-gates: PASS type equivalence (18.59s)
run-gates: start cordis catalog
run-gates: PASS doc graphs (65.53s)
run-gates: start Cordis inspect catalog
run-gates: PASS doc-typecheck (65.84s)
run-gates: start workflow guest source
run-gates: PASS workflow guest source (1.07s)
run-gates: start verify-mermaid
run-gates: PASS documentation build (68.66s)
run-gates: start scoped events
run-gates: PASS Cordis inspect catalog (19.17s)
run-gates: start translation pairing
run-gates: PASS verify-mermaid (18.64s)
run-gates: start markdown wrap
run-gates: PASS scoped events (25.83s)
run-gates: start client catalog
run-gates: PASS client catalog (3.89s)
run-gates: start export jsdoc
run-gates: PASS cordis catalog (39.35s)
run-gates: start tool catalog
run-gates: PASS markdown wrap (14.52s)
run-gates: start config catalog
run-gates: PASS config catalog (2.71s)
run-gates: start skill plugin package list
run-gates: PASS skill plugin package list (2.08s)
run-gates: start npm dependency catalog
run-gates: PASS npm dependency catalog (0.75s)
run-gates: start persistence catalog
run-gates: PASS export jsdoc (8.53s)
run-gates: start persistence type history
run-gates: PASS tool catalog (11.69s)
run-gates: start released persistence history
run-gates: PASS released persistence history (3.09s)
run-gates: start Session format references
run-gates: PASS persistence type history (12.65s)
run-gates: start Session format catalog
run-gates: PASS Session format catalog (0.74s)
run-gates: start public repository links
run-gates: PASS Session format references (8.22s)
run-gates: start repository references
run-gates: PASS persistence catalog (17.27s)
run-gates: start concrete terms
run-gates: PASS concrete terms (13.21s)
run-gates: start doc refs
run-gates: PASS public repository links (15.76s)
run-gates: start subsystem pages
run-gates: PASS subsystem pages (1.23s)
run-gates: start package paths
run-gates: PASS doc refs (1.86s)
run-gates: start tsconfig paths
run-gates: PASS tsconfig paths (0.84s)
run-gates: start config source ownership
run-gates: PASS config source ownership (0.75s)
run-gates: start package README Summaries
run-gates: PASS package paths (2.24s)
run-gates: start package README model experience
run-gates: PASS package README Summaries (0.76s)
run-gates: start agent note classification
run-gates: PASS agent note classification (0.80s)
run-gates: start agent note format
run-gates: PASS agent note format (0.84s)
run-gates: start archived agent notes
run-gates: PASS archived agent notes (1.05s)
run-gates: start skill invocation metadata
run-gates: PASS skill invocation metadata (0.72s)
run-gates: start translation prompt
run-gates: PASS translation prompt (0.74s)
run-gates: start doc budgets
run-gates: PASS doc budgets (0.67s)
run-gates: start upgrade guides
run-gates: PASS translation pairing (60.90s)
run-gates: start documentation standard tests
run-gates: PASS upgrade guides (0.77s)
run-gates: start documentation site checks
run-gates: PASS package README model experience (6.79s)
run-gates: start package README limitations
run-gates: PASS documentation standard tests (3.40s)
run-gates: PASS repository references (31.85s)
run-gates: PASS package README limitations (8.94s)
run-gates: PASS documentation site checks (12.60s)

run-gates: 43 passed, 0 failed, 0 skipped in 158.49s.
