[WARN] Your node_modules are out of sync with your lockfile. The installed dependencies in the modules directory is not up-to-date with the lockfile in D:\Documents\FeiyangChen\devApps\dshWinUi\electron.
$ tsx scripts/run-gates.ts doc-sync
run-gates: doc-sync running 43 gate(s) with 4 worker(s) from 16 available CPU(s), doc-sync cap 4.
run-gates: start doc-typecheck
run-gates: start documentation build
run-gates: start doc graphs
run-gates: start markdown links
run-gates: PASS markdown links (38.98s)
run-gates: start type equivalence
run-gates: PASS type equivalence (19.24s)
run-gates: start cordis catalog
run-gates: PASS documentation build (65.84s)
run-gates: start Cordis inspect catalog
run-gates: PASS doc graphs (66.11s)
run-gates: start workflow guest source
run-gates: PASS workflow guest source (1.15s)
run-gates: start verify-mermaid
run-gates: PASS Cordis inspect catalog (13.64s)
run-gates: start scoped events
run-gates: PASS verify-mermaid (17.48s)
run-gates: start translation pairing
run-gates: PASS cordis catalog (41.85s)
run-gates: start markdown wrap
run-gates: PASS scoped events (25.89s)
run-gates: start client catalog
run-gates: PASS client catalog (5.11s)
run-gates: start export jsdoc
run-gates: PASS markdown wrap (16.50s)
run-gates: start tool catalog
run-gates: PASS export jsdoc (9.11s)
run-gates: start config catalog
run-gates: PASS tool catalog (4.71s)
run-gates: start skill plugin package list

== FAILED config catalog (3.53s) ==
[ELIFECYCLE] Command failed with exit code 1.
command: pnpm run verify-config-catalog
outcome: exit 1
$ tsx scripts/gen-config-catalog.ts --check
gen-config-catalog: stale — docs/config-catalog.md, docs/config-catalog.zh.md. Run `pnpm run gen-config-catalog` and commit the result.
run-gates: start npm dependency catalog
run-gates: PASS doc-typecheck (123.87s)
run-gates: start persistence catalog
run-gates: PASS skill plugin package list (2.64s)
run-gates: start persistence type history
run-gates: PASS npm dependency catalog (1.00s)
run-gates: start released persistence history
run-gates: PASS released persistence history (3.36s)
run-gates: start Session format references
run-gates: PASS Session format references (8.87s)
run-gates: start Session format catalog
run-gates: PASS Session format catalog (0.86s)
run-gates: start public repository links
run-gates: PASS persistence type history (13.49s)
run-gates: start repository references
run-gates: PASS persistence catalog (17.89s)
run-gates: start concrete terms
run-gates: PASS public repository links (4.67s)
run-gates: start doc refs

== FAILED translation pairing (57.81s) ==
[ELIFECYCLE] Command failed with exit code 1.
command: pnpm run verify-translation-pairing
outcome: exit 1
$ tsx scripts/verify-translation-pairing.ts
verify-translation-pairing: bilingual pairing rules violated (see docs/i18n/README.md):
  docs/capability-seams.i18n.yaml: out of sync — section /capability-seams-and-core-services changed since confirmation (en) (bring the other side along, then re-record with --write)
run-gates: start subsystem pages
run-gates: PASS doc refs (1.78s)
run-gates: start package paths
run-gates: PASS subsystem pages (1.17s)
run-gates: start tsconfig paths
run-gates: PASS concrete terms (2.72s)
run-gates: start config source ownership
run-gates: PASS tsconfig paths (0.86s)
run-gates: start package README Summaries
run-gates: PASS config source ownership (0.76s)
run-gates: start package README model experience
run-gates: PASS package README Summaries (0.76s)
run-gates: start agent note classification
run-gates: PASS package paths (2.31s)
run-gates: start agent note format
run-gates: PASS agent note classification (0.82s)
run-gates: start archived agent notes
run-gates: PASS agent note format (0.92s)
run-gates: start skill invocation metadata
run-gates: PASS archived agent notes (1.14s)
run-gates: start translation prompt
run-gates: PASS skill invocation metadata (0.76s)
run-gates: start doc budgets
run-gates: PASS translation prompt (0.77s)
run-gates: start upgrade guides
run-gates: PASS doc budgets (0.80s)
run-gates: start documentation standard tests
run-gates: PASS upgrade guides (0.96s)
run-gates: start documentation site checks
run-gates: PASS documentation standard tests (3.61s)
run-gates: start package README limitations
run-gates: PASS package README model experience (7.85s)
run-gates: PASS repository references (18.50s)
run-gates: PASS package README limitations (7.22s)
run-gates: PASS documentation site checks (11.71s)

run-gates: 41 passed, 2 failed, 0 skipped in 160.76s.
run-gates: unsuccessful gates:
  - FAILED translation pairing (57.81s, exit 1)
    pnpm run verify-translation-pairing
  - FAILED config catalog (3.53s, exit 1)
    pnpm run verify-config-catalog
[ELIFECYCLE] Command failed with exit code 1.
