$ tsx scripts/run-gates.ts doc-sync
run-gates: doc-sync running 43 gate(s) with 4 worker(s) from 16 available CPU(s), doc-sync cap 4.
run-gates: start doc-typecheck
run-gates: start documentation build
run-gates: start doc graphs
run-gates: start markdown links
run-gates: PASS markdown links (25.19s)
run-gates: start type equivalence
run-gates: PASS type equivalence (12.22s)
run-gates: start cordis catalog
run-gates: PASS doc-typecheck (40.72s)
run-gates: start Cordis inspect catalog
run-gates: PASS documentation build (41.54s)
run-gates: start workflow guest source
run-gates: PASS workflow guest source (0.79s)
run-gates: start verify-mermaid
run-gates: PASS doc graphs (42.72s)
run-gates: start scoped events
run-gates: PASS Cordis inspect catalog (9.26s)
run-gates: start translation pairing
run-gates: PASS verify-mermaid (12.66s)
run-gates: start markdown wrap
run-gates: PASS scoped events (16.94s)
run-gates: start client catalog
run-gates: PASS client catalog (3.48s)
run-gates: start export jsdoc
run-gates: PASS markdown wrap (10.47s)
run-gates: start tool catalog
run-gates: PASS cordis catalog (28.25s)
run-gates: start config catalog
run-gates: PASS config catalog (2.28s)
run-gates: start skill plugin package list
run-gates: PASS tool catalog (3.66s)
run-gates: start npm dependency catalog
run-gates: PASS skill plugin package list (1.75s)
run-gates: start persistence catalog
run-gates: PASS export jsdoc (6.56s)
run-gates: start persistence type history
run-gates: PASS npm dependency catalog (0.62s)
run-gates: start released persistence history
run-gates: PASS released persistence history (2.33s)
run-gates: start Session format references
run-gates: PASS Session format references (6.34s)
run-gates: start Session format catalog
run-gates: PASS persistence type history (9.22s)
run-gates: start public repository links
run-gates: PASS Session format catalog (0.62s)
run-gates: start repository references
run-gates: PASS persistence catalog (12.48s)
run-gates: start concrete terms
run-gates: PASS public repository links (3.70s)
run-gates: start doc refs
run-gates: PASS doc refs (1.40s)
run-gates: start subsystem pages
run-gates: PASS concrete terms (2.10s)
run-gates: start package paths
run-gates: PASS subsystem pages (0.89s)
run-gates: start tsconfig paths
run-gates: PASS tsconfig paths (0.65s)
run-gates: start config source ownership
run-gates: PASS package paths (1.76s)
run-gates: start package README Summaries
run-gates: PASS config source ownership (0.61s)
run-gates: start package README model experience
run-gates: PASS package README Summaries (0.62s)
run-gates: start agent note classification
run-gates: PASS agent note classification (0.68s)
run-gates: start agent note format
run-gates: PASS agent note format (0.70s)
run-gates: start archived agent notes
run-gates: PASS archived agent notes (0.87s)
run-gates: start skill invocation metadata
run-gates: PASS translation pairing (39.29s)
run-gates: start translation prompt
run-gates: PASS skill invocation metadata (0.59s)
run-gates: start doc budgets
run-gates: PASS translation prompt (0.56s)
run-gates: start upgrade guides
run-gates: PASS doc budgets (0.58s)
run-gates: start documentation standard tests
run-gates: PASS upgrade guides (0.68s)
run-gates: start documentation site checks
run-gates: PASS package README model experience (5.28s)
run-gates: start package README limitations
run-gates: PASS repository references (12.76s)
run-gates: PASS documentation standard tests (2.58s)
run-gates: PASS package README limitations (5.91s)
run-gates: PASS documentation site checks (10.07s)

run-gates: 43 passed, 0 failed, 0 skipped in 100.58s.
