[WARN] Your node_modules are out of sync with your lockfile. The installed dependencies in the modules directory is not up-to-date with the lockfile in D:\Documents\FeiyangChen\devApps\dshWinUi\electron.
$ tsx scripts/run-gates.ts doc-sync
run-gates: doc-sync running 43 gate(s) with 4 worker(s) from 16 available CPU(s), doc-sync cap 4.
run-gates: start doc-typecheck
run-gates: start documentation build
run-gates: start doc graphs
run-gates: start markdown links
run-gates: PASS markdown links (33.46s)
run-gates: start type equivalence

== FAILED doc graphs (43.46s) ==
[ELIFECYCLE] Command failed with exit code 1.
command: pnpm run verify-doc-graphs
outcome: exit 1
$ tsx scripts/gen-doc-graphs.ts --check
D:\Documents\FeiyangChen\devApps\dshWinUi\electron\scripts\gen-doc-graphs.ts:908
    throw new Error([
          ^

Error: missing service role classification: nidofyContextPaths
    at assertServiceRolesComplete (D:\Documents\FeiyangChen\devApps\dshWinUi\electron\scripts\gen-doc-graphs.ts:908:11)
    at renderCapabilitySeams (D:\Documents\FeiyangChen\devApps\dshWinUi\electron\scripts\gen-doc-graphs.ts:916:3)
    at renderDocs (D:\Documents\FeiyangChen\devApps\dshWinUi\electron\scripts\gen-doc-graphs.ts:1649:49)
    at main (D:\Documents\FeiyangChen\devApps\dshWinUi\electron\scripts\gen-doc-graphs.ts:1722:16)
    at <anonymous> (D:\Documents\FeiyangChen\devApps\dshWinUi\electron\scripts\gen-doc-graphs.ts:1746:3)
    at ModuleJob.run (node:internal/modules/esm/module_job:561:25)
    at async node:internal/modules/esm/loader:647:26
    at async asyncRunEntryPointWithESMLoader (node:internal/modules/run_main:101:5)

Node.js v24.21.0
run-gates: start cordis catalog
run-gates: PASS type equivalence (17.62s)
run-gates: start Cordis inspect catalog
run-gates: PASS documentation build (55.73s)
run-gates: start workflow guest source
run-gates: PASS workflow guest source (0.96s)
run-gates: start verify-mermaid
run-gates: PASS Cordis inspect catalog (12.94s)
run-gates: start scoped events
run-gates: PASS verify-mermaid (18.42s)
run-gates: start translation pairing

== FAILED cordis catalog (38.84s) ==
[ELIFECYCLE] Command failed with exit code 1.
command: pnpm run verify-cordis-catalog
outcome: exit 1
$ tsx scripts/gen-cordis-catalog.ts --check
D:\Documents\FeiyangChen\devApps\dshWinUi\electron\scripts\gen-cordis-catalog.ts:1191
  if (problems.length > 0) throw new Error(`gen-cordis-catalog: ${problems.length} partition violation(s):\n${problems.map(p => `  ${p}`).join('\n')}`)
                                 ^

Error: gen-cordis-catalog: 2 partition violation(s):
  service ctx.nidofyContextPaths (packages/nidofy/desktop-extras/src/paths.ts:10) has no SERVICE_PAGE entry; every service maps to exactly one subsystems page.
  ctx.nidofyNotebook (packages/nidofy/desktop-extras/src/context.ts) is declared in a Context merge but invisible to the rendering projection; map it in SERVICE_PAGE (after making it renderable) or name it in SERVICE_WALK_EXEMPTIONS with its documentation owner.
    at computeOutputs (D:\Documents\FeiyangChen\devApps\dshWinUi\electron\scripts\gen-cordis-catalog.ts:1191:34)
    at main (D:\Documents\FeiyangChen\devApps\dshWinUi\electron\scripts\gen-cordis-catalog.ts:1235:8)
    at <anonymous> (D:\Documents\FeiyangChen\devApps\dshWinUi\electron\scripts\gen-cordis-catalog.ts:1272:3)
    at ModuleJob.run (node:internal/modules/esm/module_job:561:25)
    at async node:internal/modules/esm/loader:647:26
    at async asyncRunEntryPointWithESMLoader (node:internal/modules/run_main:101:5)

Node.js v24.21.0
run-gates: start markdown wrap
run-gates: PASS scoped events (24.83s)
run-gates: start client catalog
run-gates: PASS client catalog (6.79s)
run-gates: start export jsdoc
run-gates: PASS markdown wrap (16.38s)
run-gates: start tool catalog
run-gates: PASS tool catalog (5.21s)
run-gates: start config catalog
run-gates: PASS export jsdoc (9.67s)
run-gates: start skill plugin package list
run-gates: PASS config catalog (3.02s)
run-gates: start npm dependency catalog
run-gates: PASS skill plugin package list (2.38s)
run-gates: start persistence catalog
run-gates: PASS npm dependency catalog (0.86s)
run-gates: start persistence type history
run-gates: PASS doc-typecheck (115.21s)
run-gates: start released persistence history
run-gates: PASS released persistence history (3.99s)
run-gates: start Session format references
run-gates: PASS persistence type history (13.40s)
run-gates: start Session format catalog
run-gates: PASS Session format catalog (0.94s)
run-gates: start public repository links
run-gates: PASS persistence catalog (18.64s)
run-gates: start repository references
run-gates: PASS public repository links (5.63s)
run-gates: start concrete terms
run-gates: PASS Session format references (9.20s)
run-gates: start doc refs
run-gates: PASS doc refs (2.12s)
run-gates: start subsystem pages
run-gates: PASS concrete terms (3.25s)
run-gates: start package paths
run-gates: PASS subsystem pages (1.42s)
run-gates: start tsconfig paths
run-gates: PASS tsconfig paths (0.96s)
run-gates: start config source ownership
run-gates: PASS translation pairing (57.93s)
run-gates: start package README Summaries
run-gates: PASS package paths (2.66s)
run-gates: start package README model experience
run-gates: PASS config source ownership (0.90s)
run-gates: start agent note classification
run-gates: PASS package README Summaries (0.89s)
run-gates: start agent note format
run-gates: PASS agent note classification (0.93s)
run-gates: start archived agent notes
run-gates: PASS agent note format (0.99s)
run-gates: start skill invocation metadata
run-gates: PASS skill invocation metadata (0.88s)
run-gates: start translation prompt
run-gates: PASS archived agent notes (1.29s)
run-gates: start doc budgets
run-gates: PASS translation prompt (0.91s)
run-gates: start upgrade guides
run-gates: PASS doc budgets (0.86s)
run-gates: start documentation standard tests
run-gates: PASS upgrade guides (1.05s)
run-gates: start documentation site checks
run-gates: PASS documentation standard tests (3.59s)
run-gates: start package README limitations
run-gates: PASS package README model experience (8.48s)
run-gates: PASS repository references (20.50s)
run-gates: PASS package README limitations (8.21s)
run-gates: PASS documentation site checks (12.73s)

run-gates: 41 passed, 2 failed, 0 skipped in 150.51s.
run-gates: unsuccessful gates:
  - FAILED doc graphs (43.46s, exit 1)
    pnpm run verify-doc-graphs
  - FAILED cordis catalog (38.84s, exit 1)
    pnpm run verify-cordis-catalog
[ELIFECYCLE] Command failed with exit code 1.
