$ tsx scripts/run-gates.ts doc-quick
run-gates: doc-quick running 20 gate(s) with 4 worker(s) from 16 available CPU(s), doc-quick cap 4.
run-gates: start markdown links
run-gates: start type equivalence
run-gates: start translation pairing
run-gates: start markdown wrap
run-gates: PASS markdown wrap (11.02s)
run-gates: start npm dependency catalog
run-gates: PASS npm dependency catalog (0.66s)
run-gates: start Session format references
run-gates: PASS type equivalence (11.75s)
run-gates: start public repository links
run-gates: PASS Session format references (5.79s)
run-gates: start repository references
run-gates: PASS public repository links (7.13s)
run-gates: start concrete terms
run-gates: PASS markdown links (22.53s)
run-gates: start doc refs
run-gates: PASS doc refs (1.86s)
run-gates: start package README Summaries
run-gates: PASS concrete terms (5.57s)
run-gates: start package README model experience
run-gates: PASS package README Summaries (0.75s)
run-gates: start agent note classification
run-gates: PASS agent note classification (0.66s)
run-gates: start agent note format
run-gates: PASS agent note format (0.89s)
run-gates: start archived agent notes
run-gates: PASS archived agent notes (1.48s)
run-gates: start skill invocation metadata
run-gates: PASS skill invocation metadata (0.61s)
run-gates: start translation prompt
run-gates: PASS translation prompt (0.59s)
run-gates: start doc budgets
run-gates: PASS package README model experience (5.36s)
run-gates: start documentation standard tests
run-gates: PASS doc budgets (0.60s)
run-gates: start package README limitations

== FAILED repository references (13.99s) ==
command: pnpm run verify-repository-references
outcome: exit 1
$ tsx scripts/verify-repository-references.ts
verify-repository-references: use release tags or maintained repository links:
  migration/m0/couplings.json:3 commit-hash
  migration/m0/evidence/artifact.json:5 commit-hash
  migration/m0/evidence/patch-checks.json:5 commit-hash
  migration/m0/evidence/source-verification.json:3 commit-hash
  migration/m0/evidence/source-verification.json:5 commit-hash
  migration/m0/evidence/summary.json:6 commit-hash
  migration/m0/evidence/summary.json:7 commit-hash
  migration/m0/source-lock.json:6 commit-hash
  migration/m0/source-lock.json:13 commit-hash
  migration/m1/evidence/summary.json:8 commit-hash
[ELIFECYCLE] Command failed with exit code 1.
run-gates: PASS documentation standard tests (2.56s)
run-gates: PASS package README limitations (5.18s)

== FAILED translation pairing (39.08s) ==
[ELIFECYCLE] Command failed with exit code 1.
command: pnpm run verify-translation-pairing
outcome: exit 1
$ tsx scripts/verify-translation-pairing.ts
verify-translation-pairing: bilingual pairing rules violated (see docs/i18n/README.md):
  migration/m0/README.md: in-scope documentation must merge bilingual (docs/i18n/README.md); add the counterpart and record the pair

run-gates: 18 passed, 2 failed, 0 skipped in 39.09s.
run-gates: unsuccessful gates:
  - FAILED translation pairing (39.08s, exit 1)
    pnpm run verify-translation-pairing
  - FAILED repository references (13.99s, exit 1)
    pnpm run verify-repository-references
[ELIFECYCLE] Command failed with exit code 1.
