$ tsx scripts/run-gates.ts doc-sync
run-gates: doc-sync running 42 gate(s) with 4 worker(s) from 16 available CPU(s), doc-sync cap 4.
run-gates: start doc-typecheck
run-gates: start documentation build
run-gates: start doc graphs
run-gates: start markdown links
run-gates: PASS markdown links (40.13s)
run-gates: start type equivalence
run-gates: PASS doc-typecheck (43.42s)
run-gates: start cordis catalog
run-gates: PASS doc graphs (43.72s)
run-gates: start Cordis inspect catalog
run-gates: PASS type equivalence (12.16s)
run-gates: start workflow guest source
run-gates: PASS workflow guest source (0.80s)
run-gates: start verify-mermaid
run-gates: PASS Cordis inspect catalog (9.79s)
run-gates: start scoped events
run-gates: PASS documentation build (64.82s)
run-gates: start translation pairing
run-gates: PASS verify-mermaid (16.09s)
run-gates: start markdown wrap
run-gates: PASS scoped events (18.49s)
run-gates: start client catalog
run-gates: PASS cordis catalog (29.04s)
run-gates: start export jsdoc
run-gates: PASS client catalog (3.50s)
run-gates: start tool catalog
run-gates: PASS export jsdoc (6.39s)
run-gates: start config catalog
run-gates: PASS markdown wrap (10.64s)
run-gates: start skill plugin package list
run-gates: PASS config catalog (2.26s)
run-gates: start npm dependency catalog
run-gates: PASS skill plugin package list (1.76s)
run-gates: start persistence catalog
run-gates: PASS npm dependency catalog (0.74s)
run-gates: start persistence type history
run-gates: PASS tool catalog (8.40s)
run-gates: start released persistence history
run-gates: PASS released persistence history (2.71s)
run-gates: start Session format references
run-gates: PASS persistence type history (9.12s)
run-gates: start Session format catalog
run-gates: PASS Session format catalog (0.66s)
run-gates: start public repository links
run-gates: PASS Session format references (6.31s)
run-gates: start repository references
run-gates: PASS persistence catalog (12.60s)
run-gates: start concrete terms
run-gates: PASS concrete terms (12.95s)
run-gates: start doc refs
run-gates: PASS public repository links (15.54s)
run-gates: start subsystem pages
run-gates: PASS subsystem pages (0.93s)
run-gates: start package paths
run-gates: PASS doc refs (1.40s)
run-gates: start tsconfig paths
run-gates: PASS tsconfig paths (0.67s)
run-gates: start config source ownership
run-gates: PASS config source ownership (0.67s)
run-gates: start package README Summaries
run-gates: PASS package paths (1.84s)
run-gates: start package README model experience
run-gates: PASS package README Summaries (0.66s)
run-gates: start agent note classification
run-gates: PASS agent note classification (0.62s)
run-gates: start agent note format

== FAILED translation pairing (46.45s) ==
command: pnpm run verify-translation-pairing
outcome: exit 1
$ tsx scripts/verify-translation-pairing.ts
verify-translation-pairing: bilingual pairing rules violated (see docs/i18n/README.md):
  migration/m0/README.md: in-scope documentation must merge bilingual (docs/i18n/README.md); add the counterpart and record the pair
[ELIFECYCLE] Command failed with exit code 1.
run-gates: start archived agent notes
run-gates: PASS agent note format (0.70s)
run-gates: start skill invocation metadata
run-gates: PASS archived agent notes (0.93s)
run-gates: start translation prompt
run-gates: PASS skill invocation metadata (0.66s)
run-gates: start doc budgets
run-gates: PASS translation prompt (0.64s)
run-gates: start documentation standard tests
run-gates: PASS doc budgets (0.63s)
run-gates: start documentation site checks
run-gates: PASS package README model experience (5.37s)
run-gates: start package README limitations
run-gates: PASS documentation standard tests (2.81s)

== FAILED repository references (24.56s) ==
[ELIFECYCLE] Command failed with exit code 1.
command: pnpm run verify-repository-references
outcome: exit 1
$ tsx scripts/verify-repository-references.ts
verify-repository-references: use release tags or maintained repository links:
  migration/m0/couplings.json:3 commit-hash
  migration/m0/evidence/artifact.json:5 commit-hash
  migration/m0/evidence/patch-checks.json:5 commit-hash
  migration/m0/evidence/source-verification.json:3 commit-hash
  migration/m0/evidence/source-verification.json:5 commit-hash
  migration/m0/evidence/summary.json:6 commit-hash
  migration/m0/evidence/summary.json:7 commit-hash
  migration/m0/source-lock.json:6 commit-hash
  migration/m0/source-lock.json:13 commit-hash
  migration/m1/evidence/summary.json:8 commit-hash
run-gates: PASS package README limitations (5.57s)
run-gates: PASS documentation site checks (9.39s)

run-gates: 40 passed, 2 failed, 0 skipped in 122.55s.
run-gates: unsuccessful gates:
  - FAILED translation pairing (46.45s, exit 1)
    pnpm run verify-translation-pairing
  - FAILED repository references (24.56s, exit 1)
    pnpm run verify-repository-references
[ELIFECYCLE] Command failed with exit code 1.
