The plugin "vite-tsconfig-paths" is detected. Vite now supports tsconfig paths resolution natively via the resolve.tsconfigPaths option. You can remove the plugin and set resolve.tsconfigPaths: true in your Vite config instead.
The plugin "vite-tsconfig-paths" is detected. Vite now supports tsconfig paths resolution natively via the resolve.tsconfigPaths option. You can remove the plugin and set resolve.tsconfigPaths: true in your Vite config instead.
The plugin "vite-tsconfig-paths" is detected. Vite now supports tsconfig paths resolution natively via the resolve.tsconfigPaths option. You can remove the plugin and set resolve.tsconfigPaths: true in your Vite config instead.

 RUN  v4.1.8 D:/Documents/FeiyangChen/devApps/dshWinUi/electron

···x

⎯⎯⎯⎯⎯⎯⎯ Failed Tests 1 ⎯⎯⎯⎯⎯⎯⎯

 FAIL  |thread-safe| packages/nidofy/desktop-extras/tests/context-integration.spec.ts > does not publish notes when the model fails or compaction is cancelled
AbortError: This operation was aborted
 ❯ packages/nidofy/desktop-extras/tests/context-integration.spec.ts:79:56
     77|   await expect(ctx.compaction.compactNow(agent, new AbortController().…
     78|   expect((await api('status', { sessionId: agent.session.id }) as { no…
     79|   const controller = new AbortController(); controller.abort()
       |                                                        ^
     80|   await expect(ctx.compaction.compactNow(agent, controller.signal)).re…
     81|   expect((await ctx.nidofyNotebook.read(agent.session.id)).revision).t…

⎯⎯⎯⎯⎯⎯⎯⎯⎯⎯⎯⎯⎯⎯⎯⎯⎯⎯⎯⎯⎯⎯⎯⎯[1/1]⎯


 Test Files  1 failed | 1 passed (2)
      Tests  1 failed | 3 passed (4)
   Start at  12:31:36
   Duration  1.95s (transform 1.50s, setup 713ms, import 2.62s, tests 251ms, environment 0ms)
