$ tsx scripts/run-gates.ts doc-sync
run-gates: doc-sync running 43 gate(s) with 4 worker(s) from 16 available CPU(s), doc-sync cap 4.
run-gates: start doc-typecheck
run-gates: start documentation build
run-gates: start doc graphs
run-gates: start markdown links
run-gates: PASS doc graphs (42.15s)
run-gates: start type equivalence
run-gates: PASS markdown links (42.46s)
run-gates: start cordis catalog
run-gates: PASS type equivalence (11.11s)
run-gates: start Cordis inspect catalog
run-gates: PASS doc-typecheck (56.91s)
run-gates: start workflow guest source
run-gates: PASS workflow guest source (0.79s)
run-gates: start verify-mermaid
run-gates: PASS documentation build (63.14s)
run-gates: start scoped events
run-gates: PASS Cordis inspect catalog (10.98s)
run-gates: start translation pairing
run-gates: PASS cordis catalog (27.26s)
run-gates: start markdown wrap
run-gates: PASS verify-mermaid (12.84s)
run-gates: start client catalog
run-gates: PASS client catalog (3.38s)
run-gates: start export jsdoc
run-gates: PASS export jsdoc (6.52s)
run-gates: start tool catalog
run-gates: PASS scoped events (17.41s)
run-gates: start config catalog
run-gates: PASS markdown wrap (10.93s)
run-gates: start skill plugin package list
run-gates: PASS skill plugin package list (1.72s)
run-gates: start npm dependency catalog
run-gates: PASS config catalog (2.16s)
run-gates: start persistence catalog
run-gates: PASS npm dependency catalog (0.64s)
run-gates: start persistence type history
run-gates: PASS tool catalog (10.37s)
run-gates: start released persistence history
run-gates: PASS persistence type history (8.96s)
run-gates: start Session format references
run-gates: PASS released persistence history (2.71s)
run-gates: start Session format catalog
run-gates: PASS Session format catalog (0.64s)
run-gates: start public repository links
run-gates: PASS persistence catalog (12.12s)
run-gates: start repository references
run-gates: PASS Session format references (6.22s)
run-gates: start concrete terms
run-gates: PASS translation pairing (47.72s)
run-gates: start doc refs
run-gates: PASS doc refs (1.18s)
run-gates: start subsystem pages
run-gates: PASS subsystem pages (0.83s)
run-gates: start package paths
run-gates: PASS package paths (1.54s)
run-gates: start tsconfig paths
run-gates: PASS tsconfig paths (0.57s)
run-gates: start config source ownership
run-gates: PASS config source ownership (0.55s)
run-gates: start package README Summaries
run-gates: PASS package README Summaries (0.57s)
run-gates: start package README model experience
run-gates: PASS public repository links (23.25s)
run-gates: start agent note classification
run-gates: PASS concrete terms (19.22s)
run-gates: start agent note format
run-gates: PASS agent note classification (0.61s)
run-gates: start archived agent notes
run-gates: PASS agent note format (0.66s)
run-gates: start skill invocation metadata
run-gates: PASS skill invocation metadata (0.59s)
run-gates: start translation prompt
run-gates: PASS archived agent notes (0.83s)
run-gates: start doc budgets
run-gates: PASS translation prompt (0.57s)
run-gates: start upgrade guides
run-gates: PASS doc budgets (0.57s)
run-gates: start documentation standard tests
run-gates: PASS upgrade guides (0.66s)
run-gates: start documentation site checks
run-gates: PASS documentation standard tests (2.38s)
run-gates: start package README limitations
run-gates: PASS package README model experience (5.35s)
run-gates: PASS package README limitations (5.47s)
run-gates: PASS repository references (33.54s)
run-gates: PASS documentation site checks (9.70s)

run-gates: 43 passed, 0 failed, 0 skipped in 129.61s.
